
Running 39 tests using 12 workers

[1A[2K[1/39] [chromium] ΓÇ║ tests\e2e\auth.spec.ts:11:3 ΓÇ║ Authentication Flow ΓÇ║ should allow user to login and redirect to overview
[1A[2K[2/39] [chromium] ΓÇ║ tests\e2e\defects-failures.spec.ts:21:3 ΓÇ║ Defects and Failure Analysis ΓÇ║ should render Defects tracking page
[1A[2K[3/39] [chromium] ΓÇ║ tests\e2e\navigation.spec.ts:20:5 ΓÇ║ Sidebar Navigation ΓÇ║ Navigate to Runs
[1A[2K[4/39] [chromium] ΓÇ║ tests\e2e\auth.spec.ts:6:3 ΓÇ║ Authentication Flow ΓÇ║ should redirect to login when not authenticated
[1A[2K[5/39] [chromium] ΓÇ║ tests\e2e\defects-failures.spec.ts:10:3 ΓÇ║ Defects and Failure Analysis ΓÇ║ should render Failure Analysis page
[1A[2K[6/39] [chromium] ΓÇ║ tests\e2e\dashboard.spec.ts:10:3 ΓÇ║ Dashboard / Overview ΓÇ║ should display overview widgets and headings
[1A[2K[7/39] [chromium] ΓÇ║ tests\e2e\navigation.spec.ts:20:5 ΓÇ║ Sidebar Navigation ΓÇ║ Navigate to Test Management
[1A[2K[8/39] [chromium] ΓÇ║ tests\e2e\navigation.spec.ts:20:5 ΓÇ║ Sidebar Navigation ΓÇ║ Navigate to Coverage
[1A[2K[9/39] [chromium] ΓÇ║ tests\e2e\navigation.spec.ts:20:5 ΓÇ║ Sidebar Navigation ΓÇ║ Navigate to Failures
[1A[2K[10/39] [chromium] ΓÇ║ tests\e2e\navigation.spec.ts:20:5 ΓÇ║ Sidebar Navigation ΓÇ║ Navigate to Defects
[1A[2K[11/39] [chromium] ΓÇ║ tests\e2e\navigation.spec.ts:20:5 ΓÇ║ Sidebar Navigation ΓÇ║ Navigate to Trends
[1A[2K[12/39] [chromium] ΓÇ║ tests\e2e\test-management.spec.ts:10:3 ΓÇ║ Test Management ΓÇ║ should render test management and suite creation
[1A[2K[13/39] [chromium] ΓÇ║ tests\e2e\test-runs.spec.ts:15:3 ΓÇ║ Test Runs and Execution ΓÇ║ should display runs list and allow filtering
[1A[2K[14/39] [firefox] ΓÇ║ tests\e2e\defects-failures.spec.ts:21:3 ΓÇ║ Defects and Failure Analysis ΓÇ║ should render Defects tracking page
[1A[2K[15/39] [firefox] ΓÇ║ tests\e2e\navigation.spec.ts:20:5 ΓÇ║ Sidebar Navigation ΓÇ║ Navigate to Runs
[1A[2K[16/39] [firefox] ΓÇ║ tests\e2e\defects-failures.spec.ts:10:3 ΓÇ║ Defects and Failure Analysis ΓÇ║ should render Failure Analysis page
[1A[2K[17/39] [firefox] ΓÇ║ tests\e2e\auth.spec.ts:6:3 ΓÇ║ Authentication Flow ΓÇ║ should redirect to login when not authenticated
[1A[2K[18/39] [firefox] ΓÇ║ tests\e2e\auth.spec.ts:11:3 ΓÇ║ Authentication Flow ΓÇ║ should allow user to login and redirect to overview
[1A[2K[19/39] [firefox] ΓÇ║ tests\e2e\dashboard.spec.ts:10:3 ΓÇ║ Dashboard / Overview ΓÇ║ should display overview widgets and headings
[1A[2K[20/39] [firefox] ΓÇ║ tests\e2e\navigation.spec.ts:20:5 ΓÇ║ Sidebar Navigation ΓÇ║ Navigate to Coverage
[1A[2K[21/39] [firefox] ΓÇ║ tests\e2e\navigation.spec.ts:20:5 ΓÇ║ Sidebar Navigation ΓÇ║ Navigate to Failures
[1A[2K[22/39] [firefox] ΓÇ║ tests\e2e\navigation.spec.ts:20:5 ΓÇ║ Sidebar Navigation ΓÇ║ Navigate to Trends
[1A[2K[23/39] [firefox] ΓÇ║ tests\e2e\navigation.spec.ts:20:5 ΓÇ║ Sidebar Navigation ΓÇ║ Navigate to Defects
[1A[2K  1) [firefox] ΓÇ║ tests\e2e\auth.spec.ts:11:3 ΓÇ║ Authentication Flow ΓÇ║ should allow user to login and redirect to overview 

    Error: [2mexpect([22m[31mlocator[39m[2m).[22mtoBeVisible[2m([22m[2m)[22m failed

    Locator: locator('h1').filter({ hasText: 'Overview' })
    Expected: visible
    Timeout: 10000ms
    Error: element(s) not found

    Call log:
    [2m  - Expect "toBeVisible" with timeout 10000ms[22m
    [2m  - waiting for locator('h1').filter({ hasText: 'Overview' })[22m


      27 |     
      28 |     await expect(page).toHaveURL(/.*\/overview/);
    > 29 |     await expect(page.locator('h1', { hasText: 'Overview' })).toBeVisible({ timeout: 10000 });
         |                                                               ^
      30 |   });
      31 |
      32 | });
        at C:\Users\anand\Downloads\Projects\AI_TestDashboard\qainsight-ai\frontend\tests\e2e\auth.spec.ts:29:63

    Error Context: test-results\auth-Authentication-Flow-s-92f2c-in-and-redirect-to-overview-firefox\error-context.md


[1A[2K[24/39] [firefox] ΓÇ║ tests\e2e\test-management.spec.ts:10:3 ΓÇ║ Test Management ΓÇ║ should render test management and suite creation
[1A[2K  2) [chromium] ΓÇ║ tests\e2e\auth.spec.ts:11:3 ΓÇ║ Authentication Flow ΓÇ║ should allow user to login and redirect to overview 

    Error: [2mexpect([22m[31mlocator[39m[2m).[22mtoBeVisible[2m([22m[2m)[22m failed

    Locator: locator('h1').filter({ hasText: 'Overview' })
    Expected: visible
    Timeout: 10000ms
    Error: element(s) not found

    Call log:
    [2m  - Expect "toBeVisible" with timeout 10000ms[22m
    [2m  - waiting for locator('h1').filter({ hasText: 'Overview' })[22m


      27 |     
      28 |     await expect(page).toHaveURL(/.*\/overview/);
    > 29 |     await expect(page.locator('h1', { hasText: 'Overview' })).toBeVisible({ timeout: 10000 });
         |                                                               ^
      30 |   });
      31 |
      32 | });
        at C:\Users\anand\Downloads\Projects\AI_TestDashboard\qainsight-ai\frontend\tests\e2e\auth.spec.ts:29:63

    Error Context: test-results\auth-Authentication-Flow-s-92f2c-in-and-redirect-to-overview-chromium\error-context.md


[1A[2K  3) [chromium] ΓÇ║ tests\e2e\dashboard.spec.ts:10:3 ΓÇ║ Dashboard / Overview ΓÇ║ should display overview widgets and headings 

    Error: [2mexpect([22m[31mlocator[39m[2m).[22mtoBeVisible[2m([22m[2m)[22m failed

    Locator: locator('h1').filter({ hasText: /Overview/i }).first()
    Expected: visible
    Timeout: 5000ms
    Error: element(s) not found

    Call log:
    [2m  - Expect "toBeVisible" with timeout 5000ms[22m
    [2m  - waiting for locator('h1').filter({ hasText: /Overview/i }).first()[22m


       9 |
      10 |   test('should display overview widgets and headings', async ({ page }) => {
    > 11 |     await expect(page.locator('h1').filter({ hasText: /Overview/i }).first()).toBeVisible();
         |                                                                               ^
      12 |
      13 |     const commonTitles = ['Total Runs', 'Pass Rate', 'Active Agents', 'Recent Activity'];
      14 |     
        at C:\Users\anand\Downloads\Projects\AI_TestDashboard\qainsight-ai\frontend\tests\e2e\dashboard.spec.ts:11:79

    Error Context: test-results\dashboard-Dashboard-Overvi-db8ef-erview-widgets-and-headings-chromium\error-context.md


[1A[2K  4) [chromium] ΓÇ║ tests\e2e\defects-failures.spec.ts:21:3 ΓÇ║ Defects and Failure Analysis ΓÇ║ should render Defects tracking page 

    Error: [2mexpect([22m[31mlocator[39m[2m).[22mtoBeVisible[2m([22m[2m)[22m failed

    Locator: getByRole('heading', { level: 1 }).first()
    Expected: visible
    Timeout: 5000ms
    Error: element(s) not found

    Call log:
    [2m  - Expect "toBeVisible" with timeout 5000ms[22m
    [2m  - waiting for getByRole('heading', { level: 1 }).first()[22m


      21 |   test('should render Defects tracking page', async ({ page }) => {
      22 |     await page.goto('/defects');
    > 23 |     await expect(page.getByRole('heading', { level: 1 }).first()).toBeVisible();
         |                                                                   ^
      24 |   });
      25 | });
      26 |
        at C:\Users\anand\Downloads\Projects\AI_TestDashboard\qainsight-ai\frontend\tests\e2e\defects-failures.spec.ts:23:67

    Error Context: test-results\defects-failures-Defects-a-2c2ca-ender-Defects-tracking-page-chromium\error-context.md


[1A[2K  5) [chromium] ΓÇ║ tests\e2e\defects-failures.spec.ts:10:3 ΓÇ║ Defects and Failure Analysis ΓÇ║ should render Failure Analysis page 

    Error: [2mexpect([22m[31mlocator[39m[2m).[22mtoBeVisible[2m([22m[2m)[22m failed

    Locator: getByRole('heading', { level: 1 }).first()
    Expected: visible
    Timeout: 5000ms
    Error: element(s) not found

    Call log:
    [2m  - Expect "toBeVisible" with timeout 5000ms[22m
    [2m  - waiting for getByRole('heading', { level: 1 }).first()[22m


      10 |   test('should render Failure Analysis page', async ({ page }) => {
      11 |     await page.goto('/failures');
    > 12 |     await expect(page.getByRole('heading', { level: 1 }).first()).toBeVisible();
         |                                                                   ^
      13 |     
      14 |     // Check if there are any AI analysis buttons or features
      15 |     const analyzeButton = page.locator('button', { hasText: /Analyze/i }).first();
        at C:\Users\anand\Downloads\Projects\AI_TestDashboard\qainsight-ai\frontend\tests\e2e\defects-failures.spec.ts:12:67

    Error Context: test-results\defects-failures-Defects-a-c5f96-ender-Failure-Analysis-page-chromium\error-context.md


[1A[2K  6) [firefox] ΓÇ║ tests\e2e\navigation.spec.ts:20:5 ΓÇ║ Sidebar Navigation ΓÇ║ Navigate to Coverage ΓöÇΓöÇΓöÇΓöÇΓöÇ

    [31mTest timeout of 30000ms exceeded while running "beforeEach" hook.[39m

      4 | test.describe('Sidebar Navigation', () => {
      5 |   
    > 6 |   test.beforeEach(async ({ page }) => {
        |        ^
      7 |     await performMockLogin(page);
      8 |   });
      9 |
        at C:\Users\anand\Downloads\Projects\AI_TestDashboard\qainsight-ai\frontend\tests\e2e\navigation.spec.ts:6:8

    Error: page.goto: Test timeout of 30000ms exceeded.
    Call log:
    [2m  - navigating to "http://localhost:3000/login", waiting until "load"[22m


       at mockHelper.ts:44

      42 | export async function performMockLogin(page: Page) {
      43 |   await mockLogin(page);
    > 44 |   await page.goto('/login');
         |              ^
      45 |   
      46 |   // Provide input and submit
      47 |   const emailInput = page.locator('input[name="username"]');
        at performMockLogin (C:\Users\anand\Downloads\Projects\AI_TestDashboard\qainsight-ai\frontend\tests\e2e\mockHelper.ts:44:14)
        at C:\Users\anand\Downloads\Projects\AI_TestDashboard\qainsight-ai\frontend\tests\e2e\navigation.spec.ts:7:5

    Error Context: test-results\navigation-Sidebar-Navigation-Navigate-to-Coverage-firefox\error-context.md


[1A[2K  7) [firefox] ΓÇ║ tests\e2e\defects-failures.spec.ts:10:3 ΓÇ║ Defects and Failure Analysis ΓÇ║ should render Failure Analysis page 

    [31mTest timeout of 30000ms exceeded while running "beforeEach" hook.[39m

      4 | test.describe('Defects and Failure Analysis', () => {
      5 |
    > 6 |   test.beforeEach(async ({ page }) => {
        |        ^
      7 |     await performMockLogin(page);
      8 |   });
      9 |
        at C:\Users\anand\Downloads\Projects\AI_TestDashboard\qainsight-ai\frontend\tests\e2e\defects-failures.spec.ts:6:8

    Error: page.goto: Test timeout of 30000ms exceeded.
    Call log:
    [2m  - navigating to "http://localhost:3000/login", waiting until "load"[22m


       at mockHelper.ts:44

      42 | export async function performMockLogin(page: Page) {
      43 |   await mockLogin(page);
    > 44 |   await page.goto('/login');
         |              ^
      45 |   
      46 |   // Provide input and submit
      47 |   const emailInput = page.locator('input[name="username"]');
        at performMockLogin (C:\Users\anand\Downloads\Projects\AI_TestDashboard\qainsight-ai\frontend\tests\e2e\mockHelper.ts:44:14)
        at C:\Users\anand\Downloads\Projects\AI_TestDashboard\qainsight-ai\frontend\tests\e2e\defects-failures.spec.ts:7:5

    Error Context: test-results\defects-failures-Defects-a-c5f96-ender-Failure-Analysis-page-firefox\error-context.md


[1A[2K  8) [firefox] ΓÇ║ tests\e2e\defects-failures.spec.ts:21:3 ΓÇ║ Defects and Failure Analysis ΓÇ║ should render Defects tracking page 

    [31mTest timeout of 30000ms exceeded.[39m

    Error: page.goto: Test timeout of 30000ms exceeded.
    Call log:
    [2m  - navigating to "http://localhost:3000/defects", waiting until "load"[22m


      20 |
      21 |   test('should render Defects tracking page', async ({ page }) => {
    > 22 |     await page.goto('/defects');
         |                ^
      23 |     await expect(page.getByRole('heading', { level: 1 }).first()).toBeVisible();
      24 |   });
      25 | });
        at C:\Users\anand\Downloads\Projects\AI_TestDashboard\qainsight-ai\frontend\tests\e2e\defects-failures.spec.ts:22:16


[1A[2K  9) [firefox] ΓÇ║ tests\e2e\dashboard.spec.ts:10:3 ΓÇ║ Dashboard / Overview ΓÇ║ should display overview widgets and headings 

    [31mTest timeout of 30000ms exceeded while running "beforeEach" hook.[39m

      4 | test.describe('Dashboard / Overview', () => {
      5 |
    > 6 |   test.beforeEach(async ({ page }) => {
        |        ^
      7 |     await performMockLogin(page);
      8 |   });
      9 |
        at C:\Users\anand\Downloads\Projects\AI_TestDashboard\qainsight-ai\frontend\tests\e2e\dashboard.spec.ts:6:8

    Error: page.goto: Test timeout of 30000ms exceeded.
    Call log:
    [2m  - navigating to "http://localhost:3000/login", waiting until "load"[22m


       at mockHelper.ts:44

      42 | export async function performMockLogin(page: Page) {
      43 |   await mockLogin(page);
    > 44 |   await page.goto('/login');
         |              ^
      45 |   
      46 |   // Provide input and submit
      47 |   const emailInput = page.locator('input[name="username"]');
        at performMockLogin (C:\Users\anand\Downloads\Projects\AI_TestDashboard\qainsight-ai\frontend\tests\e2e\mockHelper.ts:44:14)
        at C:\Users\anand\Downloads\Projects\AI_TestDashboard\qainsight-ai\frontend\tests\e2e\dashboard.spec.ts:7:5

    Error Context: test-results\dashboard-Dashboard-Overvi-db8ef-erview-widgets-and-headings-firefox\error-context.md


[1A[2K[25/39] [firefox] ΓÇ║ tests\e2e\navigation.spec.ts:20:5 ΓÇ║ Sidebar Navigation ΓÇ║ Navigate to Test Management
[1A[2K[26/39] [webkit] ΓÇ║ tests\e2e\dashboard.spec.ts:10:3 ΓÇ║ Dashboard / Overview ΓÇ║ should display overview widgets and headings
[1A[2K[27/39] [webkit] ΓÇ║ tests\e2e\auth.spec.ts:11:3 ΓÇ║ Authentication Flow ΓÇ║ should allow user to login and redirect to overview
[1A[2K[28/39] [webkit] ΓÇ║ tests\e2e\auth.spec.ts:6:3 ΓÇ║ Authentication Flow ΓÇ║ should redirect to login when not authenticated
[1A[2K[29/39] [firefox] ΓÇ║ tests\e2e\test-runs.spec.ts:15:3 ΓÇ║ Test Runs and Execution ΓÇ║ should display runs list and allow filtering
[1A[2K  10) [firefox] ΓÇ║ tests\e2e\navigation.spec.ts:20:5 ΓÇ║ Sidebar Navigation ΓÇ║ Navigate to Failures ΓöÇΓöÇΓöÇΓöÇ

    [31mTest timeout of 30000ms exceeded while running "beforeEach" hook.[39m

      4 | test.describe('Sidebar Navigation', () => {
      5 |   
    > 6 |   test.beforeEach(async ({ page }) => {
        |        ^
      7 |     await performMockLogin(page);
      8 |   });
      9 |
        at C:\Users\anand\Downloads\Projects\AI_TestDashboard\qainsight-ai\frontend\tests\e2e\navigation.spec.ts:6:8

    Error: page.goto: Test timeout of 30000ms exceeded.
    Call log:
    [2m  - navigating to "http://localhost:3000/login", waiting until "load"[22m


       at mockHelper.ts:44

      42 | export async function performMockLogin(page: Page) {
      43 |   await mockLogin(page);
    > 44 |   await page.goto('/login');
         |              ^
      45 |   
      46 |   // Provide input and submit
      47 |   const emailInput = page.locator('input[name="username"]');
        at performMockLogin (C:\Users\anand\Downloads\Projects\AI_TestDashboard\qainsight-ai\frontend\tests\e2e\mockHelper.ts:44:14)
        at C:\Users\anand\Downloads\Projects\AI_TestDashboard\qainsight-ai\frontend\tests\e2e\navigation.spec.ts:7:5

    Error Context: test-results\navigation-Sidebar-Navigation-Navigate-to-Failures-firefox\error-context.md


[1A[2K[30/39] [webkit] ΓÇ║ tests\e2e\defects-failures.spec.ts:10:3 ΓÇ║ Defects and Failure Analysis ΓÇ║ should render Failure Analysis page
[1A[2K[31/39] [webkit] ΓÇ║ tests\e2e\navigation.spec.ts:20:5 ΓÇ║ Sidebar Navigation ΓÇ║ Navigate to Coverage
[1A[2K[32/39] [webkit] ΓÇ║ tests\e2e\defects-failures.spec.ts:21:3 ΓÇ║ Defects and Failure Analysis ΓÇ║ should render Defects tracking page
[1A[2K[33/39] [webkit] ΓÇ║ tests\e2e\navigation.spec.ts:20:5 ΓÇ║ Sidebar Navigation ΓÇ║ Navigate to Runs
[1A[2K[34/39] [webkit] ΓÇ║ tests\e2e\navigation.spec.ts:20:5 ΓÇ║ Sidebar Navigation ΓÇ║ Navigate to Failures
[1A[2K[35/39] [webkit] ΓÇ║ tests\e2e\navigation.spec.ts:20:5 ΓÇ║ Sidebar Navigation ΓÇ║ Navigate to Trends
[1A[2K[36/39] [webkit] ΓÇ║ tests\e2e\navigation.spec.ts:20:5 ΓÇ║ Sidebar Navigation ΓÇ║ Navigate to Defects
[1A[2K  11) [webkit] ΓÇ║ tests\e2e\dashboard.spec.ts:10:3 ΓÇ║ Dashboard / Overview ΓÇ║ should display overview widgets and headings 

    Error: [2mexpect([22m[31mlocator[39m[2m).[22mtoBeVisible[2m([22m[2m)[22m failed

    Locator: locator('h1').filter({ hasText: /Overview/i }).first()
    Expected: visible
    Timeout: 5000ms
    Error: element(s) not found

    Call log:
    [2m  - Expect "toBeVisible" with timeout 5000ms[22m
    [2m  - waiting for locator('h1').filter({ hasText: /Overview/i }).first()[22m


       9 |
      10 |   test('should display overview widgets and headings', async ({ page }) => {
    > 11 |     await expect(page.locator('h1').filter({ hasText: /Overview/i }).first()).toBeVisible();
         |                                                                               ^
      12 |
      13 |     const commonTitles = ['Total Runs', 'Pass Rate', 'Active Agents', 'Recent Activity'];
      14 |     
        at C:\Users\anand\Downloads\Projects\AI_TestDashboard\qainsight-ai\frontend\tests\e2e\dashboard.spec.ts:11:79

    Error Context: test-results\dashboard-Dashboard-Overvi-db8ef-erview-widgets-and-headings-webkit\error-context.md


[1A[2K[37/39] [webkit] ΓÇ║ tests\e2e\navigation.spec.ts:20:5 ΓÇ║ Sidebar Navigation ΓÇ║ Navigate to Test Management
[1A[2K  12) [webkit] ΓÇ║ tests\e2e\defects-failures.spec.ts:10:3 ΓÇ║ Defects and Failure Analysis ΓÇ║ should render Failure Analysis page 

    Error: [2mexpect([22m[31mlocator[39m[2m).[22mtoBeVisible[2m([22m[2m)[22m failed

    Locator: getByRole('heading', { level: 1 }).first()
    Expected: visible
    Timeout: 5000ms
    Error: element(s) not found

    Call log:
    [2m  - Expect "toBeVisible" with timeout 5000ms[22m
    [2m  - waiting for getByRole('heading', { level: 1 }).first()[22m


      10 |   test('should render Failure Analysis page', async ({ page }) => {
      11 |     await page.goto('/failures');
    > 12 |     await expect(page.getByRole('heading', { level: 1 }).first()).toBeVisible();
         |                                                                   ^
      13 |     
      14 |     // Check if there are any AI analysis buttons or features
      15 |     const analyzeButton = page.locator('button', { hasText: /Analyze/i }).first();
        at C:\Users\anand\Downloads\Projects\AI_TestDashboard\qainsight-ai\frontend\tests\e2e\defects-failures.spec.ts:12:67

    Error Context: test-results\defects-failures-Defects-a-c5f96-ender-Failure-Analysis-page-webkit\error-context.md


[1A[2K  13) [webkit] ΓÇ║ tests\e2e\defects-failures.spec.ts:21:3 ΓÇ║ Defects and Failure Analysis ΓÇ║ should render Defects tracking page 

    Error: [2mexpect([22m[31mlocator[39m[2m).[22mtoBeVisible[2m([22m[2m)[22m failed

    Locator: getByRole('heading', { level: 1 }).first()
    Expected: visible
    Timeout: 5000ms
    Error: element(s) not found

    Call log:
    [2m  - Expect "toBeVisible" with timeout 5000ms[22m
    [2m  - waiting for getByRole('heading', { level: 1 }).first()[22m


      21 |   test('should render Defects tracking page', async ({ page }) => {
      22 |     await page.goto('/defects');
    > 23 |     await expect(page.getByRole('heading', { level: 1 }).first()).toBeVisible();
         |                                                                   ^
      24 |   });
      25 | });
      26 |
        at C:\Users\anand\Downloads\Projects\AI_TestDashboard\qainsight-ai\frontend\tests\e2e\defects-failures.spec.ts:23:67

    Error Context: test-results\defects-failures-Defects-a-2c2ca-ender-Defects-tracking-page-webkit\error-context.md


[1A[2K[38/39] [webkit] ΓÇ║ tests\e2e\test-management.spec.ts:10:3 ΓÇ║ Test Management ΓÇ║ should render test management and suite creation
[1A[2K[39/39] [webkit] ΓÇ║ tests\e2e\test-runs.spec.ts:15:3 ΓÇ║ Test Runs and Execution ΓÇ║ should display runs list and allow filtering
[1A[2K  14) [firefox] ΓÇ║ tests\e2e\navigation.spec.ts:20:5 ΓÇ║ Sidebar Navigation ΓÇ║ Navigate to Defects ΓöÇΓöÇΓöÇΓöÇΓöÇ

    [31mTest timeout of 30000ms exceeded.[39m

    Error: locator.click: Test timeout of 30000ms exceeded.
    Call log:
    [2m  - waiting for locator('nav a[href="/defects"]')[22m
    [2m    - locator resolved to <a href="/defects" class="sidebar-link">ΓÇª</a>[22m
    [2m  - attempting click action[22m
    [2m    - waiting for element to be visible, enabled and stable[22m
    [2m    - element is visible, enabled and stable[22m
    [2m    - scrolling into view if needed[22m
    [2m    - done scrolling[22m
    [2m    - performing click action[22m
    [2m    - <html lang="en">ΓÇª</html> intercepts pointer events[22m
    [2m  - retrying click action[22m
    [2m    - waiting for element to be visible, enabled and stable[22m
    [2m  - element was detached from the DOM, retrying[22m


      23 |       
      24 |       if (await navLink.isVisible()) {
    > 25 |         await navLink.click();
         |                       ^
      26 |       } else {
      27 |         await page.goto(route.path);
      28 |       }
        at C:\Users\anand\Downloads\Projects\AI_TestDashboard\qainsight-ai\frontend\tests\e2e\navigation.spec.ts:25:23

    Error Context: test-results\navigation-Sidebar-Navigation-Navigate-to-Defects-firefox\error-context.md


[1A[2K  15) [firefox] ΓÇ║ tests\e2e\navigation.spec.ts:20:5 ΓÇ║ Sidebar Navigation ΓÇ║ Navigate to Test Management 

    Error: [2mexpect([22m[31mpage[39m[2m).[22mtoHaveURL[2m([22m[32mexpected[39m[2m)[22m failed

    Expected pattern: [32m/.*\/test-management/[39m
    Received string:  [31m"http://localhost:3000/login"[39m
    Timeout: 5000ms

    Call log:
    [2m  - Expect "toHaveURL" with timeout 5000ms[22m
    [2m    9 ├ù unexpected value "http://localhost:3000/login"[22m


      28 |       }
      29 |       
    > 30 |       await expect(page).toHaveURL(new RegExp(`.*${route.path}`));
         |                          ^
      31 |       
      32 |       // Look for any heading
      33 |       await expect(page.getByRole('heading').first()).toBeVisible({ timeout: 10000 }).catch(() => {});
        at C:\Users\anand\Downloads\Projects\AI_TestDashboard\qainsight-ai\frontend\tests\e2e\navigation.spec.ts:30:26

    Error Context: test-results\navigation-Sidebar-Navigation-Navigate-to-Test-Management-firefox\error-context.md


[1A[2K  16) [firefox] ΓÇ║ tests\e2e\test-management.spec.ts:10:3 ΓÇ║ Test Management ΓÇ║ should render test management and suite creation 

    [31mTest timeout of 30000ms exceeded.[39m

    Error: page.goto: Test timeout of 30000ms exceeded.
    Call log:
    [2m  - navigating to "http://localhost:3000/test-management", waiting until "load"[22m


       9 |
      10 |   test('should render test management and suite creation', async ({ page }) => {
    > 11 |     await page.goto('/test-management');
         |                ^
      12 |     await expect(page.getByRole('heading').first()).toBeVisible();
      13 |
      14 |     const createButton = page.locator('button', { hasText: /Create|Add/i }).first();
        at C:\Users\anand\Downloads\Projects\AI_TestDashboard\qainsight-ai\frontend\tests\e2e\test-management.spec.ts:11:16


[1A[2K  17) [webkit] ΓÇ║ tests\e2e\auth.spec.ts:11:3 ΓÇ║ Authentication Flow ΓÇ║ should allow user to login and redirect to overview 

    Error: [2mexpect([22m[31mlocator[39m[2m).[22mtoBeVisible[2m([22m[2m)[22m failed

    Locator: locator('h1').filter({ hasText: 'Overview' })
    Expected: visible
    Timeout: 10000ms
    Error: element(s) not found

    Call log:
    [2m  - Expect "toBeVisible" with timeout 10000ms[22m
    [2m  - waiting for locator('h1').filter({ hasText: 'Overview' })[22m


      27 |     
      28 |     await expect(page).toHaveURL(/.*\/overview/);
    > 29 |     await expect(page.locator('h1', { hasText: 'Overview' })).toBeVisible({ timeout: 10000 });
         |                                                               ^
      30 |   });
      31 |
      32 | });
        at C:\Users\anand\Downloads\Projects\AI_TestDashboard\qainsight-ai\frontend\tests\e2e\auth.spec.ts:29:63

    Error Context: test-results\auth-Authentication-Flow-s-92f2c-in-and-redirect-to-overview-webkit\error-context.md


[1A[2K  18) [webkit] ΓÇ║ tests\e2e\navigation.spec.ts:20:5 ΓÇ║ Sidebar Navigation ΓÇ║ Navigate to Runs ΓöÇΓöÇΓöÇΓöÇΓöÇΓöÇΓöÇΓöÇΓöÇ

    [31mTest timeout of 30000ms exceeded.[39m

    Error: locator.click: Test timeout of 30000ms exceeded.
    Call log:
    [2m  - waiting for locator('nav a[href="/runs"]')[22m
    [2m    - locator resolved to <a href="/runs" class="sidebar-link">ΓÇª</a>[22m
    [2m  - attempting click action[22m
    [2m    - waiting for element to be visible, enabled and stable[22m
    [2m    - element is not stable[22m
    [2m  - retrying click action[22m
    [2m    - waiting for element to be visible, enabled and stable[22m
    [2m  - element was detached from the DOM, retrying[22m


      23 |       
      24 |       if (await navLink.isVisible()) {
    > 25 |         await navLink.click();
         |                       ^
      26 |       } else {
      27 |         await page.goto(route.path);
      28 |       }
        at C:\Users\anand\Downloads\Projects\AI_TestDashboard\qainsight-ai\frontend\tests\e2e\navigation.spec.ts:25:23

    Error Context: test-results\navigation-Sidebar-Navigation-Navigate-to-Runs-webkit\error-context.md


[1A[2K  19) [webkit] ΓÇ║ tests\e2e\navigation.spec.ts:20:5 ΓÇ║ Sidebar Navigation ΓÇ║ Navigate to Coverage ΓöÇΓöÇΓöÇΓöÇΓöÇ

    [31mTest timeout of 30000ms exceeded.[39m

    Error: locator.click: Test timeout of 30000ms exceeded.
    Call log:
    [2m  - waiting for locator('nav a[href="/coverage"]')[22m
    [2m    - locator resolved to <a href="/coverage" class="sidebar-link">ΓÇª</a>[22m
    [2m  - attempting click action[22m
    [2m    - waiting for element to be visible, enabled and stable[22m
    [2m    - element is not stable[22m
    [2m  - retrying click action[22m
    [2m    - waiting for element to be visible, enabled and stable[22m
    [2m  - element was detached from the DOM, retrying[22m


      23 |       
      24 |       if (await navLink.isVisible()) {
    > 25 |         await navLink.click();
         |                       ^
      26 |       } else {
      27 |         await page.goto(route.path);
      28 |       }
        at C:\Users\anand\Downloads\Projects\AI_TestDashboard\qainsight-ai\frontend\tests\e2e\navigation.spec.ts:25:23

    Error Context: test-results\navigation-Sidebar-Navigation-Navigate-to-Coverage-webkit\error-context.md


[1A[2K  20) [webkit] ΓÇ║ tests\e2e\navigation.spec.ts:20:5 ΓÇ║ Sidebar Navigation ΓÇ║ Navigate to Failures ΓöÇΓöÇΓöÇΓöÇΓöÇ

    [31mTest timeout of 30000ms exceeded.[39m

    Error: locator.click: Test timeout of 30000ms exceeded.
    Call log:
    [2m  - waiting for locator('nav a[href="/failures"]')[22m
    [2m    - locator resolved to <a href="/failures" class="sidebar-link">ΓÇª</a>[22m
    [2m  - attempting click action[22m
    [2m    - waiting for element to be visible, enabled and stable[22m
    [2m    - element is not stable[22m
    [2m  - retrying click action[22m
    [2m    - waiting for element to be visible, enabled and stable[22m
    [2m  - element was detached from the DOM, retrying[22m


      23 |       
      24 |       if (await navLink.isVisible()) {
    > 25 |         await navLink.click();
         |                       ^
      26 |       } else {
      27 |         await page.goto(route.path);
      28 |       }
        at C:\Users\anand\Downloads\Projects\AI_TestDashboard\qainsight-ai\frontend\tests\e2e\navigation.spec.ts:25:23

    Error Context: test-results\navigation-Sidebar-Navigation-Navigate-to-Failures-webkit\error-context.md


[1A[2K  21) [webkit] ΓÇ║ tests\e2e\navigation.spec.ts:20:5 ΓÇ║ Sidebar Navigation ΓÇ║ Navigate to Trends ΓöÇΓöÇΓöÇΓöÇΓöÇΓöÇΓöÇ

    [31mTest timeout of 30000ms exceeded.[39m

    Error: locator.click: Test timeout of 30000ms exceeded.
    Call log:
    [2m  - waiting for locator('nav a[href="/trends"]')[22m
    [2m    - locator resolved to <a href="/trends" class="sidebar-link">ΓÇª</a>[22m
    [2m  - attempting click action[22m
    [2m    - waiting for element to be visible, enabled and stable[22m
    [2m  - element was detached from the DOM, retrying[22m


      23 |       
      24 |       if (await navLink.isVisible()) {
    > 25 |         await navLink.click();
         |                       ^
      26 |       } else {
      27 |         await page.goto(route.path);
      28 |       }
        at C:\Users\anand\Downloads\Projects\AI_TestDashboard\qainsight-ai\frontend\tests\e2e\navigation.spec.ts:25:23

    Error Context: test-results\navigation-Sidebar-Navigation-Navigate-to-Trends-webkit\error-context.md


[1A[2K  22) [webkit] ΓÇ║ tests\e2e\navigation.spec.ts:20:5 ΓÇ║ Sidebar Navigation ΓÇ║ Navigate to Defects ΓöÇΓöÇΓöÇΓöÇΓöÇΓöÇ

    [31mTest timeout of 30000ms exceeded.[39m

    Error: locator.click: Test timeout of 30000ms exceeded.
    Call log:
    [2m  - waiting for locator('nav a[href="/defects"]')[22m
    [2m    - locator resolved to <a href="/defects" class="sidebar-link">ΓÇª</a>[22m
    [2m  - attempting click action[22m
    [2m    - waiting for element to be visible, enabled and stable[22m
    [2m  - element was detached from the DOM, retrying[22m


      23 |       
      24 |       if (await navLink.isVisible()) {
    > 25 |         await navLink.click();
         |                       ^
      26 |       } else {
      27 |         await page.goto(route.path);
      28 |       }
        at C:\Users\anand\Downloads\Projects\AI_TestDashboard\qainsight-ai\frontend\tests\e2e\navigation.spec.ts:25:23

    Error Context: test-results\navigation-Sidebar-Navigation-Navigate-to-Defects-webkit\error-context.md


[1A[2K  22 failed
    [chromium] ΓÇ║ tests\e2e\auth.spec.ts:11:3 ΓÇ║ Authentication Flow ΓÇ║ should allow user to login and redirect to overview 
    [chromium] ΓÇ║ tests\e2e\dashboard.spec.ts:10:3 ΓÇ║ Dashboard / Overview ΓÇ║ should display overview widgets and headings 
    [chromium] ΓÇ║ tests\e2e\defects-failures.spec.ts:10:3 ΓÇ║ Defects and Failure Analysis ΓÇ║ should render Failure Analysis page 
    [chromium] ΓÇ║ tests\e2e\defects-failures.spec.ts:21:3 ΓÇ║ Defects and Failure Analysis ΓÇ║ should render Defects tracking page 
    [firefox] ΓÇ║ tests\e2e\auth.spec.ts:11:3 ΓÇ║ Authentication Flow ΓÇ║ should allow user to login and redirect to overview 
    [firefox] ΓÇ║ tests\e2e\dashboard.spec.ts:10:3 ΓÇ║ Dashboard / Overview ΓÇ║ should display overview widgets and headings 
    [firefox] ΓÇ║ tests\e2e\defects-failures.spec.ts:10:3 ΓÇ║ Defects and Failure Analysis ΓÇ║ should render Failure Analysis page 
    [firefox] ΓÇ║ tests\e2e\defects-failures.spec.ts:21:3 ΓÇ║ Defects and Failure Analysis ΓÇ║ should render Defects tracking page 
    [firefox] ΓÇ║ tests\e2e\navigation.spec.ts:20:5 ΓÇ║ Sidebar Navigation ΓÇ║ Navigate to Coverage ΓöÇΓöÇΓöÇΓöÇΓöÇΓöÇ
    [firefox] ΓÇ║ tests\e2e\navigation.spec.ts:20:5 ΓÇ║ Sidebar Navigation ΓÇ║ Navigate to Failures ΓöÇΓöÇΓöÇΓöÇΓöÇΓöÇ
    [firefox] ΓÇ║ tests\e2e\navigation.spec.ts:20:5 ΓÇ║ Sidebar Navigation ΓÇ║ Navigate to Defects ΓöÇΓöÇΓöÇΓöÇΓöÇΓöÇΓöÇ
    [firefox] ΓÇ║ tests\e2e\navigation.spec.ts:20:5 ΓÇ║ Sidebar Navigation ΓÇ║ Navigate to Test Management 
    [firefox] ΓÇ║ tests\e2e\test-management.spec.ts:10:3 ΓÇ║ Test Management ΓÇ║ should render test management and suite creation 
    [webkit] ΓÇ║ tests\e2e\auth.spec.ts:11:3 ΓÇ║ Authentication Flow ΓÇ║ should allow user to login and redirect to overview 
    [webkit] ΓÇ║ tests\e2e\dashboard.spec.ts:10:3 ΓÇ║ Dashboard / Overview ΓÇ║ should display overview widgets and headings 
    [webkit] ΓÇ║ tests\e2e\defects-failures.spec.ts:10:3 ΓÇ║ Defects and Failure Analysis ΓÇ║ should render Failure Analysis page 
    [webkit] ΓÇ║ tests\e2e\defects-failures.spec.ts:21:3 ΓÇ║ Defects and Failure Analysis ΓÇ║ should render Defects tracking page 
    [webkit] ΓÇ║ tests\e2e\navigation.spec.ts:20:5 ΓÇ║ Sidebar Navigation ΓÇ║ Navigate to Runs ΓöÇΓöÇΓöÇΓöÇΓöÇΓöÇΓöÇΓöÇΓöÇΓöÇΓöÇ
    [webkit] ΓÇ║ tests\e2e\navigation.spec.ts:20:5 ΓÇ║ Sidebar Navigation ΓÇ║ Navigate to Coverage ΓöÇΓöÇΓöÇΓöÇΓöÇΓöÇΓöÇ
    [webkit] ΓÇ║ tests\e2e\navigation.spec.ts:20:5 ΓÇ║ Sidebar Navigation ΓÇ║ Navigate to Failures ΓöÇΓöÇΓöÇΓöÇΓöÇΓöÇΓöÇ
    [webkit] ΓÇ║ tests\e2e\navigation.spec.ts:20:5 ΓÇ║ Sidebar Navigation ΓÇ║ Navigate to Trends ΓöÇΓöÇΓöÇΓöÇΓöÇΓöÇΓöÇΓöÇΓöÇ
    [webkit] ΓÇ║ tests\e2e\navigation.spec.ts:20:5 ΓÇ║ Sidebar Navigation ΓÇ║ Navigate to Defects ΓöÇΓöÇΓöÇΓöÇΓöÇΓöÇΓöÇΓöÇ
  17 passed (1.3m)

[36m  Serving HTML report at http://localhost:9323. Press Ctrl+C to quit.[39m
